// Jest Snapshot v1, https://goo.gl/fbAQLP

exports[`ForgotPassword components should render <ForgotPassword /> correctly 1`] = `ShallowWrapper {}`;

exports[`ForgotPassword components should render correctly when there is an error 1`] = `ShallowWrapper {}`;

exports[`ForgotPassword components should render correctly when there is email 1`] = `ShallowWrapper {}`;
