// Jest Snapshot v1, https://goo.gl/fbAQLP

exports[`ResetPassword components should render ResetPassword correctly 1`] = `
<div>
  <div>
    <h2
      class="mt--0"
    >
      Reset password
    </h2>
    <p
      class="lead"
    >
      Please enter your new password
    </p>
    <form
      class=""
    >
      <div
        id="thereIsAnError"
      />
      <div
        class="input"
        data-component="input"
      >
        <label
          class="input__label"
          for="password"
        >
          Password
        </label>
        <input
          aria-describedby="password-error"
          autocomplete="new-password"
          class="input__input"
          data-qa-sel="password-resetPassword"
          id="password"
          name="password"
          type="password"
          unique="password"
          value=""
        />
      </div>
      <div
        class="input"
        data-component="input"
      >
        <label
          class="input__label"
          for="confirmPassword"
        >
          Confirm password
        </label>
        <input
          aria-describedby="confirmPassword-error"
          autocomplete="new-password"
          class="input__input"
          data-qa-sel="confirm-password-resetPassword"
          id="confirmPassword"
          name="confirmPassword"
          type="password"
          unique="confirmPassword"
          value=""
        />
      </div>
      <button
        class="btn btn--cta"
        data-qa-sel="ResetPassword-button"
      >
        Reset password
      </button>
    </form>
  </div>
</div>
`;
