// Jest Snapshot v1, https://goo.gl/fbAQLP

exports[`Register components should render <Register /> correctly 1`] = `
ShallowWrapper {
  Symbol(enzyme.__root__): [Circular],
  Symbol(enzyme.__unrendered__): <Register />,
  Symbol(enzyme.__renderer__): Object {
    "batchedUpdates": [Function],
    "getNode": [Function],
    "render": [Function],
    "simulateEvent": [Function],
    "unmount": [Function],
  },
  Symbol(enzyme.__node__): Object {
    "instance": null,
    "key": undefined,
    "nodeType": "host",
    "props": Object {
      "children": <Fieldset
        legend="Personal Information"
      >
        <Input
          label="Email"
          name="email"
          placeholder="eg: your.name@example.com..."
          type="email"
        />
        <Input
          label="Confirm Email"
          name="confirmEmail"
          placeholder="eg: your.name@example.com..."
          type="email"
        />
        <Input
          label="Password"
          name="password"
          type="password"
        />
        <Input
          label="Confirm Password"
          name="confirmPassword"
          type="password"
        />
        <Input
          label="Name"
          name="name"
        />
        <Input
          label="Surname"
          name="surname"
        />
        <ul>
          <h5>
            Cookies will be used in the following ways:
          </h5>
          <li>
            Analytical purposes – for monitoring usage of the NICE websites in order to improve our services
          </li>
          <li>
            Your preferences – to remember what you view on our websites and to enable us to tailor our services to you
          </li>
        </ul>
        <Fieldset
          classNane="checkboxFieldset"
          legend="Audience Insight Community - Get involved"
        >
          <Checkbox
            checked={true}
            label="The Audience Insight Community helps NICE improve its products and services - please tick this box if you would like to get involved. Find out more about the Audience Insight Community"
            name="allowContactMe"
            onChange={[Function]}
          />
        </Fieldset>
        <Fieldset
          classNane="checkboxFieldset"
          legend="Terms and conditions"
        >
          <Checkbox
            checked={false}
            label="By signing up, you agree to our terms of service and privacy policy."
            name="tAndC"
            onChange={[Function]}
          />
        </Fieldset>
        <h6>
          The information you provide on this form will be used by us to administer your NICE account. For more information about how we process your data, see our 
          <a
            href="#"
          >
            privacy notice
          </a>
        </h6>
        <button
          className="btn btn--cta"
          onClick={[Function]}
        >
          Sign up
        </button>
      </Fieldset>,
      "className": "",
    },
    "ref": null,
    "rendered": Object {
      "instance": null,
      "key": undefined,
      "nodeType": "class",
      "props": Object {
        "children": Array [
          <Input
            label="Email"
            name="email"
            placeholder="eg: your.name@example.com..."
            type="email"
          />,
          <Input
            label="Confirm Email"
            name="confirmEmail"
            placeholder="eg: your.name@example.com..."
            type="email"
          />,
          <Input
            label="Password"
            name="password"
            type="password"
          />,
          <Input
            label="Confirm Password"
            name="confirmPassword"
            type="password"
          />,
          <Input
            label="Name"
            name="name"
          />,
          <Input
            label="Surname"
            name="surname"
          />,
          <ul>
            <h5>
              Cookies will be used in the following ways:
            </h5>
            <li>
              Analytical purposes – for monitoring usage of the NICE websites in order to improve our services
            </li>
            <li>
              Your preferences – to remember what you view on our websites and to enable us to tailor our services to you
            </li>
          </ul>,
          <Fieldset
            classNane="checkboxFieldset"
            legend="Audience Insight Community - Get involved"
          >
            <Checkbox
              checked={true}
              label="The Audience Insight Community helps NICE improve its products and services - please tick this box if you would like to get involved. Find out more about the Audience Insight Community"
              name="allowContactMe"
              onChange={[Function]}
            />
          </Fieldset>,
          <Fieldset
            classNane="checkboxFieldset"
            legend="Terms and conditions"
          >
            <Checkbox
              checked={false}
              label="By signing up, you agree to our terms of service and privacy policy."
              name="tAndC"
              onChange={[Function]}
            />
          </Fieldset>,
          <h6>
            The information you provide on this form will be used by us to administer your NICE account. For more information about how we process your data, see our 
            <a
              href="#"
            >
              privacy notice
            </a>
          </h6>,
          <button
            className="btn btn--cta"
            onClick={[Function]}
          >
            Sign up
          </button>,
        ],
        "legend": "Personal Information",
      },
      "ref": null,
      "rendered": Array [
        Object {
          "instance": null,
          "key": undefined,
          "nodeType": "class",
          "props": Object {
            "label": "Email",
            "name": "email",
            "placeholder": "eg: your.name@example.com...",
            "type": "email",
          },
          "ref": null,
          "rendered": null,
          "type": [Function],
        },
        Object {
          "instance": null,
          "key": undefined,
          "nodeType": "class",
          "props": Object {
            "label": "Confirm Email",
            "name": "confirmEmail",
            "placeholder": "eg: your.name@example.com...",
            "type": "email",
          },
          "ref": null,
          "rendered": null,
          "type": [Function],
        },
        Object {
          "instance": null,
          "key": undefined,
          "nodeType": "class",
          "props": Object {
            "label": "Password",
            "name": "password",
            "type": "password",
          },
          "ref": null,
          "rendered": null,
          "type": [Function],
        },
        Object {
          "instance": null,
          "key": undefined,
          "nodeType": "class",
          "props": Object {
            "label": "Confirm Password",
            "name": "confirmPassword",
            "type": "password",
          },
          "ref": null,
          "rendered": null,
          "type": [Function],
        },
        Object {
          "instance": null,
          "key": undefined,
          "nodeType": "class",
          "props": Object {
            "label": "Name",
            "name": "name",
          },
          "ref": null,
          "rendered": null,
          "type": [Function],
        },
        Object {
          "instance": null,
          "key": undefined,
          "nodeType": "class",
          "props": Object {
            "label": "Surname",
            "name": "surname",
          },
          "ref": null,
          "rendered": null,
          "type": [Function],
        },
        Object {
          "instance": null,
          "key": undefined,
          "nodeType": "host",
          "props": Object {
            "children": Array [
              <h5>
                Cookies will be used in the following ways:
              </h5>,
              <li>
                Analytical purposes – for monitoring usage of the NICE websites in order to improve our services
              </li>,
              <li>
                Your preferences – to remember what you view on our websites and to enable us to tailor our services to you
              </li>,
            ],
          },
          "ref": null,
          "rendered": Array [
            Object {
              "instance": null,
              "key": undefined,
              "nodeType": "host",
              "props": Object {
                "children": "Cookies will be used in the following ways:",
              },
              "ref": null,
              "rendered": "Cookies will be used in the following ways:",
              "type": "h5",
            },
            Object {
              "instance": null,
              "key": undefined,
              "nodeType": "host",
              "props": Object {
                "children": "Analytical purposes – for monitoring usage of the NICE websites in order to improve our services",
              },
              "ref": null,
              "rendered": "Analytical purposes – for monitoring usage of the NICE websites in order to improve our services",
              "type": "li",
            },
            Object {
              "instance": null,
              "key": undefined,
              "nodeType": "host",
              "props": Object {
                "children": "Your preferences – to remember what you view on our websites and to enable us to tailor our services to you",
              },
              "ref": null,
              "rendered": "Your preferences – to remember what you view on our websites and to enable us to tailor our services to you",
              "type": "li",
            },
          ],
          "type": "ul",
        },
        Object {
          "instance": null,
          "key": undefined,
          "nodeType": "class",
          "props": Object {
            "children": <Checkbox
              checked={true}
              label="The Audience Insight Community helps NICE improve its products and services - please tick this box if you would like to get involved. Find out more about the Audience Insight Community"
              name="allowContactMe"
              onChange={[Function]}
            />,
            "classNane": "checkboxFieldset",
            "legend": "Audience Insight Community - Get involved",
          },
          "ref": null,
          "rendered": Object {
            "instance": null,
            "key": undefined,
            "nodeType": "class",
            "props": Object {
              "checked": true,
              "label": "The Audience Insight Community helps NICE improve its products and services - please tick this box if you would like to get involved. Find out more about the Audience Insight Community",
              "name": "allowContactMe",
              "onChange": [Function],
            },
            "ref": null,
            "rendered": null,
            "type": [Function],
          },
          "type": [Function],
        },
        Object {
          "instance": null,
          "key": undefined,
          "nodeType": "class",
          "props": Object {
            "children": <Checkbox
              checked={false}
              label="By signing up, you agree to our terms of service and privacy policy."
              name="tAndC"
              onChange={[Function]}
            />,
            "classNane": "checkboxFieldset",
            "legend": "Terms and conditions",
          },
          "ref": null,
          "rendered": Object {
            "instance": null,
            "key": undefined,
            "nodeType": "class",
            "props": Object {
              "checked": false,
              "label": "By signing up, you agree to our terms of service and privacy policy.",
              "name": "tAndC",
              "onChange": [Function],
            },
            "ref": null,
            "rendered": null,
            "type": [Function],
          },
          "type": [Function],
        },
        Object {
          "instance": null,
          "key": undefined,
          "nodeType": "host",
          "props": Object {
            "children": Array [
              "The information you provide on this form will be used by us to administer your NICE account. For more information about how we process your data, see our ",
              <a
                href="#"
              >
                privacy notice
              </a>,
            ],
          },
          "ref": null,
          "rendered": Array [
            "The information you provide on this form will be used by us to administer your NICE account. For more information about how we process your data, see our ",
            Object {
              "instance": null,
              "key": undefined,
              "nodeType": "host",
              "props": Object {
                "children": "privacy notice",
                "href": "#",
              },
              "ref": null,
              "rendered": "privacy notice",
              "type": "a",
            },
          ],
          "type": "h6",
        },
        Object {
          "instance": null,
          "key": undefined,
          "nodeType": "host",
          "props": Object {
            "children": "Sign up",
            "className": "btn btn--cta",
            "onClick": [Function],
          },
          "ref": null,
          "rendered": "Sign up",
          "type": "button",
        },
      ],
      "type": [Function],
    },
    "type": "form",
  },
  Symbol(enzyme.__nodes__): Array [
    Object {
      "instance": null,
      "key": undefined,
      "nodeType": "host",
      "props": Object {
        "children": <Fieldset
          legend="Personal Information"
        >
          <Input
            label="Email"
            name="email"
            placeholder="eg: your.name@example.com..."
            type="email"
          />
          <Input
            label="Confirm Email"
            name="confirmEmail"
            placeholder="eg: your.name@example.com..."
            type="email"
          />
          <Input
            label="Password"
            name="password"
            type="password"
          />
          <Input
            label="Confirm Password"
            name="confirmPassword"
            type="password"
          />
          <Input
            label="Name"
            name="name"
          />
          <Input
            label="Surname"
            name="surname"
          />
          <ul>
            <h5>
              Cookies will be used in the following ways:
            </h5>
            <li>
              Analytical purposes – for monitoring usage of the NICE websites in order to improve our services
            </li>
            <li>
              Your preferences – to remember what you view on our websites and to enable us to tailor our services to you
            </li>
          </ul>
          <Fieldset
            classNane="checkboxFieldset"
            legend="Audience Insight Community - Get involved"
          >
            <Checkbox
              checked={true}
              label="The Audience Insight Community helps NICE improve its products and services - please tick this box if you would like to get involved. Find out more about the Audience Insight Community"
              name="allowContactMe"
              onChange={[Function]}
            />
          </Fieldset>
          <Fieldset
            classNane="checkboxFieldset"
            legend="Terms and conditions"
          >
            <Checkbox
              checked={false}
              label="By signing up, you agree to our terms of service and privacy policy."
              name="tAndC"
              onChange={[Function]}
            />
          </Fieldset>
          <h6>
            The information you provide on this form will be used by us to administer your NICE account. For more information about how we process your data, see our 
            <a
              href="#"
            >
              privacy notice
            </a>
          </h6>
          <button
            className="btn btn--cta"
            onClick={[Function]}
          >
            Sign up
          </button>
        </Fieldset>,
        "className": "",
      },
      "ref": null,
      "rendered": Object {
        "instance": null,
        "key": undefined,
        "nodeType": "class",
        "props": Object {
          "children": Array [
            <Input
              label="Email"
              name="email"
              placeholder="eg: your.name@example.com..."
              type="email"
            />,
            <Input
              label="Confirm Email"
              name="confirmEmail"
              placeholder="eg: your.name@example.com..."
              type="email"
            />,
            <Input
              label="Password"
              name="password"
              type="password"
            />,
            <Input
              label="Confirm Password"
              name="confirmPassword"
              type="password"
            />,
            <Input
              label="Name"
              name="name"
            />,
            <Input
              label="Surname"
              name="surname"
            />,
            <ul>
              <h5>
                Cookies will be used in the following ways:
              </h5>
              <li>
                Analytical purposes – for monitoring usage of the NICE websites in order to improve our services
              </li>
              <li>
                Your preferences – to remember what you view on our websites and to enable us to tailor our services to you
              </li>
            </ul>,
            <Fieldset
              classNane="checkboxFieldset"
              legend="Audience Insight Community - Get involved"
            >
              <Checkbox
                checked={true}
                label="The Audience Insight Community helps NICE improve its products and services - please tick this box if you would like to get involved. Find out more about the Audience Insight Community"
                name="allowContactMe"
                onChange={[Function]}
              />
            </Fieldset>,
            <Fieldset
              classNane="checkboxFieldset"
              legend="Terms and conditions"
            >
              <Checkbox
                checked={false}
                label="By signing up, you agree to our terms of service and privacy policy."
                name="tAndC"
                onChange={[Function]}
              />
            </Fieldset>,
            <h6>
              The information you provide on this form will be used by us to administer your NICE account. For more information about how we process your data, see our 
              <a
                href="#"
              >
                privacy notice
              </a>
            </h6>,
            <button
              className="btn btn--cta"
              onClick={[Function]}
            >
              Sign up
            </button>,
          ],
          "legend": "Personal Information",
        },
        "ref": null,
        "rendered": Array [
          Object {
            "instance": null,
            "key": undefined,
            "nodeType": "class",
            "props": Object {
              "label": "Email",
              "name": "email",
              "placeholder": "eg: your.name@example.com...",
              "type": "email",
            },
            "ref": null,
            "rendered": null,
            "type": [Function],
          },
          Object {
            "instance": null,
            "key": undefined,
            "nodeType": "class",
            "props": Object {
              "label": "Confirm Email",
              "name": "confirmEmail",
              "placeholder": "eg: your.name@example.com...",
              "type": "email",
            },
            "ref": null,
            "rendered": null,
            "type": [Function],
          },
          Object {
            "instance": null,
            "key": undefined,
            "nodeType": "class",
            "props": Object {
              "label": "Password",
              "name": "password",
              "type": "password",
            },
            "ref": null,
            "rendered": null,
            "type": [Function],
          },
          Object {
            "instance": null,
            "key": undefined,
            "nodeType": "class",
            "props": Object {
              "label": "Confirm Password",
              "name": "confirmPassword",
              "type": "password",
            },
            "ref": null,
            "rendered": null,
            "type": [Function],
          },
          Object {
            "instance": null,
            "key": undefined,
            "nodeType": "class",
            "props": Object {
              "label": "Name",
              "name": "name",
            },
            "ref": null,
            "rendered": null,
            "type": [Function],
          },
          Object {
            "instance": null,
            "key": undefined,
            "nodeType": "class",
            "props": Object {
              "label": "Surname",
              "name": "surname",
            },
            "ref": null,
            "rendered": null,
            "type": [Function],
          },
          Object {
            "instance": null,
            "key": undefined,
            "nodeType": "host",
            "props": Object {
              "children": Array [
                <h5>
                  Cookies will be used in the following ways:
                </h5>,
                <li>
                  Analytical purposes – for monitoring usage of the NICE websites in order to improve our services
                </li>,
                <li>
                  Your preferences – to remember what you view on our websites and to enable us to tailor our services to you
                </li>,
              ],
            },
            "ref": null,
            "rendered": Array [
              Object {
                "instance": null,
                "key": undefined,
                "nodeType": "host",
                "props": Object {
                  "children": "Cookies will be used in the following ways:",
                },
                "ref": null,
                "rendered": "Cookies will be used in the following ways:",
                "type": "h5",
              },
              Object {
                "instance": null,
                "key": undefined,
                "nodeType": "host",
                "props": Object {
                  "children": "Analytical purposes – for monitoring usage of the NICE websites in order to improve our services",
                },
                "ref": null,
                "rendered": "Analytical purposes – for monitoring usage of the NICE websites in order to improve our services",
                "type": "li",
              },
              Object {
                "instance": null,
                "key": undefined,
                "nodeType": "host",
                "props": Object {
                  "children": "Your preferences – to remember what you view on our websites and to enable us to tailor our services to you",
                },
                "ref": null,
                "rendered": "Your preferences – to remember what you view on our websites and to enable us to tailor our services to you",
                "type": "li",
              },
            ],
            "type": "ul",
          },
          Object {
            "instance": null,
            "key": undefined,
            "nodeType": "class",
            "props": Object {
              "children": <Checkbox
                checked={true}
                label="The Audience Insight Community helps NICE improve its products and services - please tick this box if you would like to get involved. Find out more about the Audience Insight Community"
                name="allowContactMe"
                onChange={[Function]}
              />,
              "classNane": "checkboxFieldset",
              "legend": "Audience Insight Community - Get involved",
            },
            "ref": null,
            "rendered": Object {
              "instance": null,
              "key": undefined,
              "nodeType": "class",
              "props": Object {
                "checked": true,
                "label": "The Audience Insight Community helps NICE improve its products and services - please tick this box if you would like to get involved. Find out more about the Audience Insight Community",
                "name": "allowContactMe",
                "onChange": [Function],
              },
              "ref": null,
              "rendered": null,
              "type": [Function],
            },
            "type": [Function],
          },
          Object {
            "instance": null,
            "key": undefined,
            "nodeType": "class",
            "props": Object {
              "children": <Checkbox
                checked={false}
                label="By signing up, you agree to our terms of service and privacy policy."
                name="tAndC"
                onChange={[Function]}
              />,
              "classNane": "checkboxFieldset",
              "legend": "Terms and conditions",
            },
            "ref": null,
            "rendered": Object {
              "instance": null,
              "key": undefined,
              "nodeType": "class",
              "props": Object {
                "checked": false,
                "label": "By signing up, you agree to our terms of service and privacy policy.",
                "name": "tAndC",
                "onChange": [Function],
              },
              "ref": null,
              "rendered": null,
              "type": [Function],
            },
            "type": [Function],
          },
          Object {
            "instance": null,
            "key": undefined,
            "nodeType": "host",
            "props": Object {
              "children": Array [
                "The information you provide on this form will be used by us to administer your NICE account. For more information about how we process your data, see our ",
                <a
                  href="#"
                >
                  privacy notice
                </a>,
              ],
            },
            "ref": null,
            "rendered": Array [
              "The information you provide on this form will be used by us to administer your NICE account. For more information about how we process your data, see our ",
              Object {
                "instance": null,
                "key": undefined,
                "nodeType": "host",
                "props": Object {
                  "children": "privacy notice",
                  "href": "#",
                },
                "ref": null,
                "rendered": "privacy notice",
                "type": "a",
              },
            ],
            "type": "h6",
          },
          Object {
            "instance": null,
            "key": undefined,
            "nodeType": "host",
            "props": Object {
              "children": "Sign up",
              "className": "btn btn--cta",
              "onClick": [Function],
            },
            "ref": null,
            "rendered": "Sign up",
            "type": "button",
          },
        ],
        "type": [Function],
      },
      "type": "form",
    },
  ],
  Symbol(enzyme.__options__): Object {
    "adapter": ReactFourteenAdapter {
      "options": Object {
        "legacyContextMode": "parent",
        "lifecycles": Object {
          "componentDidUpdate": Object {
            "prevContext": true,
          },
          "getChildContext": Object {
            "calledByRenderer": true,
          },
        },
        "supportPrevContextArgumentOfComponentDidUpdate": true,
      },
    },
  },
}
`;
