// Jest Snapshot v1, https://goo.gl/fbAQLP

exports[`ResetPasswordSuccess components should render ResetPasswordSuccess correctly 1`] = `
<div>
  <div>
    <h2>
      Thank you
    </h2>
    <div
      class="alert alert--success"
      data-component="alert--success"
    >
      Your password has been changed.
    </div>
  </div>
</div>
`;
