// Jest Snapshot v1, https://goo.gl/fbAQLP

exports[`ForgotPassword components should render <ForgotPassword /> correctly 1`] = `
<div>
  <div>
    <h2
      class="mt--0"
    >
      Reset your password
    </h2>
    <p
      class="lead"
    >
      Enter the email address you registered with in the box below and click the reset button. We'll send you an email with a link to help you reset your password.
    </p>
    <form
      class=""
    >
      <div
        class="input"
        data-component="input"
      >
        <label
          class="input__label"
          for="email"
        >
          Email
        </label>
        <input
          aria-describedby="email-error"
          class="input__input"
          data-qa-sel="forgotPassword-email"
          id="email"
          name="email"
          placeholder="eg: your.name@example.com..."
          type="email"
          unique="email"
          value=""
        />
      </div>
      <button
        class="btn btn--cta"
        data-qa-sel="forgotPassword-button"
      >
        Reset password
      </button>
    </form>
    <a
      data-qa-sel="forgotPassword-link-to-login"
      href="/"
    >
      Return to sign in
    </a>
  </div>
</div>
`;
