// Jest Snapshot v1, https://goo.gl/fbAQLP

exports[`AppContainer components should create an instance of AuthApi correctly 1`] = `
AuthApi {
  "createAuth0Namespace": [Function],
  "fetchClientSettings": [Function],
  "forgotPasswordIE8": [Function],
  "getStategies": [Function],
  "instance": WebAuth {
    "_universalLogin": HostedPages {
      "baseOptions": Object {
        "_sendTelemetry": true,
        "_timesToRetryFailedRequests": 0,
        "clientID": "#{AUTH0_APP_CLIENT_ID}",
        "domain": "#{AUTH0_DOMAIN}",
        "jwksURI": undefined,
        "leeway": 1,
        "plugins": PluginHandler {
          "plugins": Array [],
        },
        "popup": false,
        "popupOrigin": undefined,
        "redirect": true,
        "responseType": "code",
        "rootUrl": "https://#{AUTH0_DOMAIN}",
        "scope": "openid profile email update:users",
        "tenant": "#{AUTH0_DOMAIN}",
        "token_issuer": "https://#{AUTH0_DOMAIN}/",
      },
      "client": [Circular],
      "request": RequestBuilder {
        "_sendTelemetry": true,
        "_telemetryInfo": null,
        "_timesToRetryFailedRequests": 0,
        "headers": Object {},
      },
      "warn": Warn {
        "disableWarnings": false,
      },
    },
    "baseOptions": Object {
      "_sendTelemetry": true,
      "_timesToRetryFailedRequests": 0,
      "clientID": "#{AUTH0_APP_CLIENT_ID}",
      "domain": "#{AUTH0_DOMAIN}",
      "jwksURI": undefined,
      "leeway": 1,
      "plugins": PluginHandler {
        "plugins": Array [],
      },
      "popup": false,
      "popupOrigin": undefined,
      "redirect": true,
      "responseType": "code",
      "rootUrl": "https://#{AUTH0_DOMAIN}",
      "scope": "openid profile email update:users",
      "tenant": "#{AUTH0_DOMAIN}",
      "token_issuer": "https://#{AUTH0_DOMAIN}/",
    },
    "client": Authentication {
      "baseOptions": Object {
        "_sendTelemetry": true,
        "_timesToRetryFailedRequests": 0,
        "clientID": "#{AUTH0_APP_CLIENT_ID}",
        "domain": "#{AUTH0_DOMAIN}",
        "jwksURI": undefined,
        "leeway": 1,
        "plugins": PluginHandler {
          "plugins": Array [],
        },
        "popup": false,
        "popupOrigin": undefined,
        "redirect": true,
        "responseType": "code",
        "rootUrl": "https://#{AUTH0_DOMAIN}",
        "scope": "openid profile email update:users",
        "tenant": "#{AUTH0_DOMAIN}",
        "token_issuer": "https://#{AUTH0_DOMAIN}/",
      },
      "dbConnection": DBConnection {
        "baseOptions": Object {
          "_sendTelemetry": true,
          "_timesToRetryFailedRequests": 0,
          "clientID": "#{AUTH0_APP_CLIENT_ID}",
          "domain": "#{AUTH0_DOMAIN}",
          "jwksURI": undefined,
          "leeway": 1,
          "plugins": PluginHandler {
            "plugins": Array [],
          },
          "popup": false,
          "popupOrigin": undefined,
          "redirect": true,
          "responseType": "code",
          "rootUrl": "https://#{AUTH0_DOMAIN}",
          "scope": "openid profile email update:users",
          "tenant": "#{AUTH0_DOMAIN}",
          "token_issuer": "https://#{AUTH0_DOMAIN}/",
        },
        "request": RequestBuilder {
          "_sendTelemetry": true,
          "_telemetryInfo": null,
          "_timesToRetryFailedRequests": 0,
          "headers": Object {},
        },
      },
      "passwordless": PasswordlessAuthentication {
        "baseOptions": Object {
          "_sendTelemetry": true,
          "_timesToRetryFailedRequests": 0,
          "clientID": "#{AUTH0_APP_CLIENT_ID}",
          "domain": "#{AUTH0_DOMAIN}",
          "jwksURI": undefined,
          "leeway": 1,
          "plugins": PluginHandler {
            "plugins": Array [],
          },
          "popup": false,
          "popupOrigin": undefined,
          "redirect": true,
          "responseType": "code",
          "rootUrl": "https://#{AUTH0_DOMAIN}",
          "scope": "openid profile email update:users",
          "tenant": "#{AUTH0_DOMAIN}",
          "token_issuer": "https://#{AUTH0_DOMAIN}/",
        },
        "request": RequestBuilder {
          "_sendTelemetry": true,
          "_telemetryInfo": null,
          "_timesToRetryFailedRequests": 0,
          "headers": Object {},
        },
      },
      "request": RequestBuilder {
        "_sendTelemetry": true,
        "_telemetryInfo": null,
        "_timesToRetryFailedRequests": 0,
        "headers": Object {},
      },
      "ssodataStorage": SSODataStorage {
        "storage": Storage {
          "handler": StorageHandler {
            "storage": CookieStorage {},
            "warn": Warn {
              "disableWarnings": undefined,
            },
          },
        },
      },
      "warn": Warn {
        "disableWarnings": false,
      },
    },
    "crossOriginAuthentication": CrossOriginAuthentication {
      "baseOptions": Object {
        "_sendTelemetry": true,
        "_timesToRetryFailedRequests": 0,
        "clientID": "#{AUTH0_APP_CLIENT_ID}",
        "domain": "#{AUTH0_DOMAIN}",
        "jwksURI": undefined,
        "leeway": 1,
        "plugins": PluginHandler {
          "plugins": Array [],
        },
        "popup": false,
        "popupOrigin": undefined,
        "redirect": true,
        "responseType": "code",
        "rootUrl": "https://#{AUTH0_DOMAIN}",
        "scope": "openid profile email update:users",
        "tenant": "#{AUTH0_DOMAIN}",
        "token_issuer": "https://#{AUTH0_DOMAIN}/",
      },
      "request": RequestBuilder {
        "_sendTelemetry": true,
        "_telemetryInfo": null,
        "_timesToRetryFailedRequests": 0,
        "headers": Object {},
      },
      "storage": Storage {
        "handler": StorageHandler {
          "storage": CookieStorage {},
          "warn": Warn {
            "disableWarnings": undefined,
          },
        },
      },
      "webAuth": [Circular],
      "webMessageHandler": WebMessageHandler {
        "warn": Warn {
          "disableWarnings": undefined,
        },
        "webAuth": [Circular],
      },
    },
    "popup": Popup {
      "baseOptions": Object {
        "_sendTelemetry": true,
        "_timesToRetryFailedRequests": 0,
        "clientID": "#{AUTH0_APP_CLIENT_ID}",
        "domain": "#{AUTH0_DOMAIN}",
        "jwksURI": undefined,
        "leeway": 1,
        "plugins": PluginHandler {
          "plugins": Array [],
        },
        "popup": false,
        "popupOrigin": undefined,
        "redirect": true,
        "responseType": "code",
        "rootUrl": "https://#{AUTH0_DOMAIN}",
        "scope": "openid profile email update:users",
        "tenant": "#{AUTH0_DOMAIN}",
        "token_issuer": "https://#{AUTH0_DOMAIN}/",
      },
      "client": Authentication {
        "baseOptions": Object {
          "_sendTelemetry": true,
          "_timesToRetryFailedRequests": 0,
          "clientID": "#{AUTH0_APP_CLIENT_ID}",
          "domain": "#{AUTH0_DOMAIN}",
          "jwksURI": undefined,
          "leeway": 1,
          "plugins": PluginHandler {
            "plugins": Array [],
          },
          "popup": false,
          "popupOrigin": undefined,
          "redirect": true,
          "responseType": "code",
          "rootUrl": "https://#{AUTH0_DOMAIN}",
          "scope": "openid profile email update:users",
          "tenant": "#{AUTH0_DOMAIN}",
          "token_issuer": "https://#{AUTH0_DOMAIN}/",
        },
        "dbConnection": DBConnection {
          "baseOptions": Object {
            "_sendTelemetry": true,
            "_timesToRetryFailedRequests": 0,
            "clientID": "#{AUTH0_APP_CLIENT_ID}",
            "domain": "#{AUTH0_DOMAIN}",
            "jwksURI": undefined,
            "leeway": 1,
            "plugins": PluginHandler {
              "plugins": Array [],
            },
            "popup": false,
            "popupOrigin": undefined,
            "redirect": true,
            "responseType": "code",
            "rootUrl": "https://#{AUTH0_DOMAIN}",
            "scope": "openid profile email update:users",
            "tenant": "#{AUTH0_DOMAIN}",
            "token_issuer": "https://#{AUTH0_DOMAIN}/",
          },
          "request": RequestBuilder {
            "_sendTelemetry": true,
            "_telemetryInfo": null,
            "_timesToRetryFailedRequests": 0,
            "headers": Object {},
          },
        },
        "passwordless": PasswordlessAuthentication {
          "baseOptions": Object {
            "_sendTelemetry": true,
            "_timesToRetryFailedRequests": 0,
            "clientID": "#{AUTH0_APP_CLIENT_ID}",
            "domain": "#{AUTH0_DOMAIN}",
            "jwksURI": undefined,
            "leeway": 1,
            "plugins": PluginHandler {
              "plugins": Array [],
            },
            "popup": false,
            "popupOrigin": undefined,
            "redirect": true,
            "responseType": "code",
            "rootUrl": "https://#{AUTH0_DOMAIN}",
            "scope": "openid profile email update:users",
            "tenant": "#{AUTH0_DOMAIN}",
            "token_issuer": "https://#{AUTH0_DOMAIN}/",
          },
          "request": RequestBuilder {
            "_sendTelemetry": true,
            "_telemetryInfo": null,
            "_timesToRetryFailedRequests": 0,
            "headers": Object {},
          },
        },
        "request": RequestBuilder {
          "_sendTelemetry": true,
          "_telemetryInfo": null,
          "_timesToRetryFailedRequests": 0,
          "headers": Object {},
        },
        "ssodataStorage": SSODataStorage {
          "storage": Storage {
            "handler": StorageHandler {
              "storage": CookieStorage {},
              "warn": Warn {
                "disableWarnings": undefined,
              },
            },
          },
        },
        "warn": Warn {
          "disableWarnings": false,
        },
      },
      "crossOriginAuthentication": CrossOriginAuthentication {
        "baseOptions": Object {
          "_sendTelemetry": true,
          "_timesToRetryFailedRequests": 0,
          "clientID": "#{AUTH0_APP_CLIENT_ID}",
          "domain": "#{AUTH0_DOMAIN}",
          "jwksURI": undefined,
          "leeway": 1,
          "plugins": PluginHandler {
            "plugins": Array [],
          },
          "popup": false,
          "popupOrigin": undefined,
          "redirect": true,
          "responseType": "code",
          "rootUrl": "https://#{AUTH0_DOMAIN}",
          "scope": "openid profile email update:users",
          "tenant": "#{AUTH0_DOMAIN}",
          "token_issuer": "https://#{AUTH0_DOMAIN}/",
        },
        "request": RequestBuilder {
          "_sendTelemetry": true,
          "_telemetryInfo": null,
          "_timesToRetryFailedRequests": 0,
          "headers": Object {},
        },
        "storage": Storage {
          "handler": StorageHandler {
            "storage": CookieStorage {},
            "warn": Warn {
              "disableWarnings": undefined,
            },
          },
        },
        "webAuth": [Circular],
        "webMessageHandler": WebMessageHandler {
          "warn": Warn {
            "disableWarnings": undefined,
          },
          "webAuth": [Circular],
        },
      },
      "transactionManager": TransactionManager {
        "keyLength": 32,
        "namespace": "com.auth0.auth.",
        "options": Object {
          "_sendTelemetry": true,
          "_timesToRetryFailedRequests": 0,
          "clientID": "#{AUTH0_APP_CLIENT_ID}",
          "domain": "#{AUTH0_DOMAIN}",
          "jwksURI": undefined,
          "leeway": 1,
          "plugins": PluginHandler {
            "plugins": Array [],
          },
          "popup": false,
          "popupOrigin": undefined,
          "redirect": true,
          "responseType": "code",
          "rootUrl": "https://#{AUTH0_DOMAIN}",
          "scope": "openid profile email update:users",
          "tenant": "#{AUTH0_DOMAIN}",
          "token_issuer": "https://#{AUTH0_DOMAIN}/",
        },
        "storage": Storage {
          "handler": StorageHandler {
            "storage": CookieStorage {},
            "warn": Warn {
              "disableWarnings": undefined,
            },
          },
        },
      },
      "warn": Warn {
        "disableWarnings": false,
      },
      "webAuth": [Circular],
    },
    "redirect": Redirect {
      "baseOptions": Object {
        "_sendTelemetry": true,
        "_timesToRetryFailedRequests": 0,
        "clientID": "#{AUTH0_APP_CLIENT_ID}",
        "domain": "#{AUTH0_DOMAIN}",
        "jwksURI": undefined,
        "leeway": 1,
        "plugins": PluginHandler {
          "plugins": Array [],
        },
        "popup": false,
        "popupOrigin": undefined,
        "redirect": true,
        "responseType": "code",
        "rootUrl": "https://#{AUTH0_DOMAIN}",
        "scope": "openid profile email update:users",
        "tenant": "#{AUTH0_DOMAIN}",
        "token_issuer": "https://#{AUTH0_DOMAIN}/",
      },
      "crossOriginAuthentication": CrossOriginAuthentication {
        "baseOptions": Object {
          "_sendTelemetry": true,
          "_timesToRetryFailedRequests": 0,
          "clientID": "#{AUTH0_APP_CLIENT_ID}",
          "domain": "#{AUTH0_DOMAIN}",
          "jwksURI": undefined,
          "leeway": 1,
          "plugins": PluginHandler {
            "plugins": Array [],
          },
          "popup": false,
          "popupOrigin": undefined,
          "redirect": true,
          "responseType": "code",
          "rootUrl": "https://#{AUTH0_DOMAIN}",
          "scope": "openid profile email update:users",
          "tenant": "#{AUTH0_DOMAIN}",
          "token_issuer": "https://#{AUTH0_DOMAIN}/",
        },
        "request": RequestBuilder {
          "_sendTelemetry": true,
          "_telemetryInfo": null,
          "_timesToRetryFailedRequests": 0,
          "headers": Object {},
        },
        "storage": Storage {
          "handler": StorageHandler {
            "storage": CookieStorage {},
            "warn": Warn {
              "disableWarnings": undefined,
            },
          },
        },
        "webAuth": [Circular],
        "webMessageHandler": WebMessageHandler {
          "warn": Warn {
            "disableWarnings": undefined,
          },
          "webAuth": [Circular],
        },
      },
      "warn": Warn {
        "disableWarnings": false,
      },
      "webAuth": [Circular],
    },
    "ssodataStorage": SSODataStorage {
      "storage": Storage {
        "handler": StorageHandler {
          "storage": CookieStorage {},
          "warn": Warn {
            "disableWarnings": undefined,
          },
        },
      },
    },
    "transactionManager": TransactionManager {
      "keyLength": 32,
      "namespace": "com.auth0.auth.",
      "options": Object {
        "_sendTelemetry": true,
        "_timesToRetryFailedRequests": 0,
        "clientID": "#{AUTH0_APP_CLIENT_ID}",
        "domain": "#{AUTH0_DOMAIN}",
        "jwksURI": undefined,
        "leeway": 1,
        "plugins": PluginHandler {
          "plugins": Array [],
        },
        "popup": false,
        "popupOrigin": undefined,
        "redirect": true,
        "responseType": "code",
        "rootUrl": "https://#{AUTH0_DOMAIN}",
        "scope": "openid profile email update:users",
        "tenant": "#{AUTH0_DOMAIN}",
        "token_issuer": "https://#{AUTH0_DOMAIN}/",
      },
      "storage": Storage {
        "handler": StorageHandler {
          "storage": CookieStorage {},
          "warn": Warn {
            "disableWarnings": undefined,
          },
        },
      },
    },
    "webMessageHandler": WebMessageHandler {
      "warn": Warn {
        "disableWarnings": undefined,
      },
      "webAuth": [Circular],
    },
  },
  "loginIE8": [Function],
  "opts": Object {
    "_sendTelemetry": true,
    "_timesToRetryFailedRequests": 0,
    "clientID": "#{AUTH0_APP_CLIENT_ID}",
    "domain": "#{AUTH0_DOMAIN}",
    "jwksURI": undefined,
    "leeway": 1,
    "plugins": PluginHandler {
      "plugins": Array [],
    },
    "popup": false,
    "popupOrigin": undefined,
    "redirect": true,
    "responseType": "code",
    "rootUrl": "https://#{AUTH0_DOMAIN}",
    "scope": "openid profile email update:users",
    "tenant": "#{AUTH0_DOMAIN}",
    "token_issuer": "https://#{AUTH0_DOMAIN}/",
  },
  "params": Object {
    "_sendTelemetry": true,
    "_timesToRetryFailedRequests": 0,
    "clientID": "#{AUTH0_APP_CLIENT_ID}",
    "domain": "#{AUTH0_DOMAIN}",
    "jwksURI": undefined,
    "leeway": 1,
    "plugins": PluginHandler {
      "plugins": Array [],
    },
    "popup": false,
    "popupOrigin": undefined,
    "redirect": true,
    "responseType": "code",
    "rootUrl": "https://#{AUTH0_DOMAIN}",
    "scope": "openid profile email update:users",
    "tenant": "#{AUTH0_DOMAIN}",
    "token_issuer": "https://#{AUTH0_DOMAIN}/",
  },
  "registerIE8": [Function],
  "resendActivationEmail": [Function],
  "resetPassword": [Function],
  "submitWSForm": [Function],
}
`;
