// Jest Snapshot v1, https://goo.gl/fbAQLP

exports[`ForgotPasswordSuccess components should render ForgotPasswordSuccess correctly 1`] = `
<div>
  <div>
    <h2
      class="mt--0"
    >
      Thank you
    </h2>
    <p
      class="lead"
      data-qa-sel="forgotPasswordSuccess-message1"
    >
      We have sent you an email with a link to help you reset your password. It might take a few minutes to come through, but if you don't receive it please check your spam folder.
    </p>
    <p
      class="lead"
      data-qa-sel="forgotPasswordSuccess-message2"
    >
      If you have problems resetting your password, contact us.
    </p>
    <div
      class="grid"
    >
      <div
        data-component="grid-item"
        data-g="12 md:9"
      >
        <div
          class="summaryList pv--c"
        >
          <span
            class="summaryListLabel"
          >
            Email
          </span>
          <span
            class="summaryListDetail"
          >
            nice@nice.org.uk
          </span>
        </div>
        <div
          class="summaryList pv--c mb--d"
        >
          <span
            class="summaryListLabel"
          >
            Telephone
          </span>
          <span
            class="summaryListDetail"
          >
            +44(0)300 323 0140
          </span>
        </div>
      </div>
    </div>
    <a
      data-qa-sel="forgotPasswordSuccess-link-to-login"
      href="/"
    >
      Return to sign in
    </a>
  </div>
</div>
`;
